// Jest Snapshot v1, https://goo.gl/fbAQLP

exports[`BarChart BarChart basic render snapshoot 1`] = `
<div
  className="recharts-wrapper"
  onMouseEnter={[Function]}
  onMouseLeave={[Function]}
  onMouseMove={[Function]}
  onTouchEnd={[Function]}
  onTouchMove={[Function]}
  onTouchStart={[Function]}
  style={
    Object {
      "cursor": "default",
      "height": 300,
      "position": "relative",
      "width": 700,
    }
  }
>
  <svg
    className="recharts-surface"
    height={300}
    version="1.1"
    viewBox="0 0 700 300"
    width={700}
  >
    <defs>
      <clipPath
        id="recharts2-clip"
      >
        <rect
          height={260}
          width={630}
          x={65}
          y={5}
        />
      </clipPath>
    </defs>
    <g
      className="recharts-cartesian-grid"
    >
      <g
        className="recharts-cartesian-grid-horizontal"
      >
        <line
          fill="none"
          height={260}
          offset={
            Object {
              "bottom": 35,
              "brushBottom": 35,
              "height": 260,
              "left": 65,
              "right": 5,
              "top": 5,
              "width": 630,
            }
          }
          stroke="#ccc"
          strokeDasharray="3 3"
          width={630}
          x={65}
          x1={65}
          x2={695}
          y={5}
          y1={265}
          y2={265}
        />
        <line
          fill="none"
          height={260}
          offset={
            Object {
              "bottom": 35,
              "brushBottom": 35,
              "height": 260,
              "left": 65,
              "right": 5,
              "top": 5,
              "width": 630,
            }
          }
          stroke="#ccc"
          strokeDasharray="3 3"
          width={630}
          x={65}
          x1={65}
          x2={695}
          y={5}
          y1={200}
          y2={200}
        />
        <line
          fill="none"
          height={260}
          offset={
            Object {
              "bottom": 35,
              "brushBottom": 35,
              "height": 260,
              "left": 65,
              "right": 5,
              "top": 5,
              "width": 630,
            }
          }
          stroke="#ccc"
          strokeDasharray="3 3"
          width={630}
          x={65}
          x1={65}
          x2={695}
          y={5}
          y1={135}
          y2={135}
        />
        <line
          fill="none"
          height={260}
          offset={
            Object {
              "bottom": 35,
              "brushBottom": 35,
              "height": 260,
              "left": 65,
              "right": 5,
              "top": 5,
              "width": 630,
            }
          }
          stroke="#ccc"
          strokeDasharray="3 3"
          width={630}
          x={65}
          x1={65}
          x2={695}
          y={5}
          y1={70}
          y2={70}
        />
        <line
          fill="none"
          height={260}
          offset={
            Object {
              "bottom": 35,
              "brushBottom": 35,
              "height": 260,
              "left": 65,
              "right": 5,
              "top": 5,
              "width": 630,
            }
          }
          stroke="#ccc"
          strokeDasharray="3 3"
          width={630}
          x={65}
          x1={65}
          x2={695}
          y={5}
          y1={5}
          y2={5}
        />
      </g>
      <g
        className="recharts-cartesian-grid-vertical"
      >
        <line
          fill="none"
          height={260}
          offset={
            Object {
              "bottom": 35,
              "brushBottom": 35,
              "height": 260,
              "left": 65,
              "right": 5,
              "top": 5,
              "width": 630,
            }
          }
          stroke="#ccc"
          strokeDasharray="3 3"
          width={630}
          x={65}
          x1={128}
          x2={128}
          y={5}
          y1={5}
          y2={265}
        />
        <line
          fill="none"
          height={260}
          offset={
            Object {
              "bottom": 35,
              "brushBottom": 35,
              "height": 260,
              "left": 65,
              "right": 5,
              "top": 5,
              "width": 630,
            }
          }
          stroke="#ccc"
          strokeDasharray="3 3"
          width={630}
          x={65}
          x1={254}
          x2={254}
          y={5}
          y1={5}
          y2={265}
        />
        <line
          fill="none"
          height={260}
          offset={
            Object {
              "bottom": 35,
              "brushBottom": 35,
              "height": 260,
              "left": 65,
              "right": 5,
              "top": 5,
              "width": 630,
            }
          }
          stroke="#ccc"
          strokeDasharray="3 3"
          width={630}
          x={65}
          x1={380}
          x2={380}
          y={5}
          y1={5}
          y2={265}
        />
        <line
          fill="none"
          height={260}
          offset={
            Object {
              "bottom": 35,
              "brushBottom": 35,
              "height": 260,
              "left": 65,
              "right": 5,
              "top": 5,
              "width": 630,
            }
          }
          stroke="#ccc"
          strokeDasharray="3 3"
          width={630}
          x={65}
          x1={506}
          x2={506}
          y={5}
          y1={5}
          y2={265}
        />
        <line
          fill="none"
          height={260}
          offset={
            Object {
              "bottom": 35,
              "brushBottom": 35,
              "height": 260,
              "left": 65,
              "right": 5,
              "top": 5,
              "width": 630,
            }
          }
          stroke="#ccc"
          strokeDasharray="3 3"
          width={630}
          x={65}
          x1={632}
          x2={632}
          y={5}
          y1={5}
          y2={265}
        />
        <line
          fill="none"
          height={260}
          offset={
            Object {
              "bottom": 35,
              "brushBottom": 35,
              "height": 260,
              "left": 65,
              "right": 5,
              "top": 5,
              "width": 630,
            }
          }
          stroke="#ccc"
          strokeDasharray="3 3"
          width={630}
          x={65}
          x1={65}
          x2={65}
          y={5}
          y1={5}
          y2={265}
        />
        <line
          fill="none"
          height={260}
          offset={
            Object {
              "bottom": 35,
              "brushBottom": 35,
              "height": 260,
              "left": 65,
              "right": 5,
              "top": 5,
              "width": 630,
            }
          }
          stroke="#ccc"
          strokeDasharray="3 3"
          width={630}
          x={65}
          x1={695}
          x2={695}
          y={5}
          y1={5}
          y2={265}
        />
      </g>
    </g>
    <g
      className="recharts-layer recharts-cartesian-axis recharts-xAxis xAxis"
    >
      <line
        className="recharts-xAxis xAxis"
        fill="none"
        height={30}
        orientation="bottom"
        stroke="#666"
        type="category"
        viewBox={
          Object {
            "height": 300,
            "width": 700,
            "x": 0,
            "y": 0,
          }
        }
        width={630}
        x={65}
        x1={65}
        x2={695}
        y={265}
        y1={265}
        y2={265}
      />
      <g
        className="recharts-cartesian-axis-ticks"
      >
        <g
          className="recharts-layer recharts-cartesian-axis-tick"
        >
          <line
            className="recharts-xAxis xAxis"
            fill="none"
            height={30}
            orientation="bottom"
            stroke="#666"
            type="category"
            viewBox={
              Object {
                "height": 300,
                "width": 700,
                "x": 0,
                "y": 0,
              }
            }
            width={630}
            x={65}
            x1={128}
            x2={128}
            y={265}
            y1={271}
            y2={265}
          />
          <text
            className="recharts-text recharts-cartesian-axis-tick-value"
            fill="#666"
            height={30}
            orientation="bottom"
            stroke="none"
            textAnchor="middle"
            type="category"
            viewBox={
              Object {
                "height": 300,
                "width": 700,
                "x": 0,
                "y": 0,
              }
            }
            width={630}
            x={128}
            y={273}
          >
            <tspan
              dy="0.71em"
              x={128}
            >
              Shalion 1
            </tspan>
          </text>
        </g>
        <g
          className="recharts-layer recharts-cartesian-axis-tick"
        >
          <line
            className="recharts-xAxis xAxis"
            fill="none"
            height={30}
            orientation="bottom"
            stroke="#666"
            type="category"
            viewBox={
              Object {
                "height": 300,
                "width": 700,
                "x": 0,
                "y": 0,
              }
            }
            width={630}
            x={65}
            x1={254}
            x2={254}
            y={265}
            y1={271}
            y2={265}
          />
          <text
            className="recharts-text recharts-cartesian-axis-tick-value"
            fill="#666"
            height={30}
            orientation="bottom"
            stroke="none"
            textAnchor="middle"
            type="category"
            viewBox={
              Object {
                "height": 300,
                "width": 700,
                "x": 0,
                "y": 0,
              }
            }
            width={630}
            x={254}
            y={273}
          >
            <tspan
              dy="0.71em"
              x={254}
            >
              Shalion 2
            </tspan>
          </text>
        </g>
        <g
          className="recharts-layer recharts-cartesian-axis-tick"
        >
          <line
            className="recharts-xAxis xAxis"
            fill="none"
            height={30}
            orientation="bottom"
            stroke="#666"
            type="category"
            viewBox={
              Object {
                "height": 300,
                "width": 700,
                "x": 0,
                "y": 0,
              }
            }
            width={630}
            x={65}
            x1={380}
            x2={380}
            y={265}
            y1={271}
            y2={265}
          />
          <text
            className="recharts-text recharts-cartesian-axis-tick-value"
            fill="#666"
            height={30}
            orientation="bottom"
            stroke="none"
            textAnchor="middle"
            type="category"
            viewBox={
              Object {
                "height": 300,
                "width": 700,
                "x": 0,
                "y": 0,
              }
            }
            width={630}
            x={380}
            y={273}
          >
            <tspan
              dy="0.71em"
              x={380}
            >
              Shalion 3
            </tspan>
          </text>
        </g>
        <g
          className="recharts-layer recharts-cartesian-axis-tick"
        >
          <line
            className="recharts-xAxis xAxis"
            fill="none"
            height={30}
            orientation="bottom"
            stroke="#666"
            type="category"
            viewBox={
              Object {
                "height": 300,
                "width": 700,
                "x": 0,
                "y": 0,
              }
            }
            width={630}
            x={65}
            x1={506}
            x2={506}
            y={265}
            y1={271}
            y2={265}
          />
          <text
            className="recharts-text recharts-cartesian-axis-tick-value"
            fill="#666"
            height={30}
            orientation="bottom"
            stroke="none"
            textAnchor="middle"
            type="category"
            viewBox={
              Object {
                "height": 300,
                "width": 700,
                "x": 0,
                "y": 0,
              }
            }
            width={630}
            x={506}
            y={273}
          >
            <tspan
              dy="0.71em"
              x={506}
            >
              Shalion 4
            </tspan>
          </text>
        </g>
        <g
          className="recharts-layer recharts-cartesian-axis-tick"
        >
          <line
            className="recharts-xAxis xAxis"
            fill="none"
            height={30}
            orientation="bottom"
            stroke="#666"
            type="category"
            viewBox={
              Object {
                "height": 300,
                "width": 700,
                "x": 0,
                "y": 0,
              }
            }
            width={630}
            x={65}
            x1={632}
            x2={632}
            y={265}
            y1={271}
            y2={265}
          />
          <text
            className="recharts-text recharts-cartesian-axis-tick-value"
            fill="#666"
            height={30}
            orientation="bottom"
            stroke="none"
            textAnchor="middle"
            type="category"
            viewBox={
              Object {
                "height": 300,
                "width": 700,
                "x": 0,
                "y": 0,
              }
            }
            width={630}
            x={632}
            y={273}
          >
            <tspan
              dy="0.71em"
              x={632}
            >
              Shalion 5
            </tspan>
          </text>
        </g>
      </g>
    </g>
    <g
      className="recharts-layer recharts-cartesian-axis recharts-yAxis yAxis"
    >
      <line
        className="recharts-yAxis yAxis"
        fill="none"
        height={260}
        orientation="left"
        stroke="#666"
        type="number"
        viewBox={
          Object {
            "height": 300,
            "width": 700,
            "x": 0,
            "y": 0,
          }
        }
        width={60}
        x={5}
        x1={65}
        x2={65}
        y={5}
        y1={5}
        y2={265}
      />
      <g
        className="recharts-cartesian-axis-ticks"
      >
        <g
          className="recharts-layer recharts-cartesian-axis-tick"
        >
          <line
            className="recharts-yAxis yAxis"
            fill="none"
            height={260}
            orientation="left"
            stroke="#666"
            type="number"
            viewBox={
              Object {
                "height": 300,
                "width": 700,
                "x": 0,
                "y": 0,
              }
            }
            width={60}
            x={5}
            x1={59}
            x2={65}
            y={5}
            y1={265}
            y2={265}
          />
          <text
            className="recharts-text recharts-cartesian-axis-tick-value"
            fill="#666"
            height={260}
            orientation="left"
            stroke="none"
            textAnchor="end"
            type="number"
            viewBox={
              Object {
                "height": 300,
                "width": 700,
                "x": 0,
                "y": 0,
              }
            }
            width={60}
            x={57}
            y={265}
          >
            <tspan
              dy="0.355em"
              x={57}
            >
              0
            </tspan>
          </text>
        </g>
        <g
          className="recharts-layer recharts-cartesian-axis-tick"
        >
          <line
            className="recharts-yAxis yAxis"
            fill="none"
            height={260}
            orientation="left"
            stroke="#666"
            type="number"
            viewBox={
              Object {
                "height": 300,
                "width": 700,
                "x": 0,
                "y": 0,
              }
            }
            width={60}
            x={5}
            x1={59}
            x2={65}
            y={5}
            y1={200}
            y2={200}
          />
          <text
            className="recharts-text recharts-cartesian-axis-tick-value"
            fill="#666"
            height={260}
            orientation="left"
            stroke="none"
            textAnchor="end"
            type="number"
            viewBox={
              Object {
                "height": 300,
                "width": 700,
                "x": 0,
                "y": 0,
              }
            }
            width={60}
            x={57}
            y={200}
          >
            <tspan
              dy="0.355em"
              x={57}
            >
              1
            </tspan>
          </text>
        </g>
        <g
          className="recharts-layer recharts-cartesian-axis-tick"
        >
          <line
            className="recharts-yAxis yAxis"
            fill="none"
            height={260}
            orientation="left"
            stroke="#666"
            type="number"
            viewBox={
              Object {
                "height": 300,
                "width": 700,
                "x": 0,
                "y": 0,
              }
            }
            width={60}
            x={5}
            x1={59}
            x2={65}
            y={5}
            y1={135}
            y2={135}
          />
          <text
            className="recharts-text recharts-cartesian-axis-tick-value"
            fill="#666"
            height={260}
            orientation="left"
            stroke="none"
            textAnchor="end"
            type="number"
            viewBox={
              Object {
                "height": 300,
                "width": 700,
                "x": 0,
                "y": 0,
              }
            }
            width={60}
            x={57}
            y={135}
          >
            <tspan
              dy="0.355em"
              x={57}
            >
              2
            </tspan>
          </text>
        </g>
        <g
          className="recharts-layer recharts-cartesian-axis-tick"
        >
          <line
            className="recharts-yAxis yAxis"
            fill="none"
            height={260}
            orientation="left"
            stroke="#666"
            type="number"
            viewBox={
              Object {
                "height": 300,
                "width": 700,
                "x": 0,
                "y": 0,
              }
            }
            width={60}
            x={5}
            x1={59}
            x2={65}
            y={5}
            y1={70}
            y2={70}
          />
          <text
            className="recharts-text recharts-cartesian-axis-tick-value"
            fill="#666"
            height={260}
            orientation="left"
            stroke="none"
            textAnchor="end"
            type="number"
            viewBox={
              Object {
                "height": 300,
                "width": 700,
                "x": 0,
                "y": 0,
              }
            }
            width={60}
            x={57}
            y={70}
          >
            <tspan
              dy="0.355em"
              x={57}
            >
              3
            </tspan>
          </text>
        </g>
        <g
          className="recharts-layer recharts-cartesian-axis-tick"
        >
          <line
            className="recharts-yAxis yAxis"
            fill="none"
            height={260}
            orientation="left"
            stroke="#666"
            type="number"
            viewBox={
              Object {
                "height": 300,
                "width": 700,
                "x": 0,
                "y": 0,
              }
            }
            width={60}
            x={5}
            x1={59}
            x2={65}
            y={5}
            y1={5}
            y2={5}
          />
          <text
            className="recharts-text recharts-cartesian-axis-tick-value"
            fill="#666"
            height={260}
            orientation="left"
            stroke="none"
            textAnchor="end"
            type="number"
            viewBox={
              Object {
                "height": 300,
                "width": 700,
                "x": 0,
                "y": 0,
              }
            }
            width={60}
            x={57}
            y={5}
          >
            <tspan
              dy="0.355em"
              x={57}
            >
              4
            </tspan>
          </text>
        </g>
      </g>
    </g>
    <g
      className="recharts-layer recharts-bar"
    >
      <g
        className="recharts-layer recharts-bar-rectangles"
        clipPath={null}
      >
        <g
          className="recharts-layer"
        >
          <g
            className="recharts-layer recharts-bar-rectangle"
            onAnimationEnd={[Function]}
            onAnimationStart={[Function]}
          />
          <g
            className="recharts-layer recharts-bar-rectangle"
            onAnimationEnd={[Function]}
            onAnimationStart={[Function]}
          />
          <g
            className="recharts-layer recharts-bar-rectangle"
            onAnimationEnd={[Function]}
            onAnimationStart={[Function]}
          />
          <g
            className="recharts-layer recharts-bar-rectangle"
            onAnimationEnd={[Function]}
            onAnimationStart={[Function]}
          />
          <g
            className="recharts-layer recharts-bar-rectangle"
            onAnimationEnd={[Function]}
            onAnimationStart={[Function]}
          />
        </g>
      </g>
    </g>
  </svg>
  <div
    className="recharts-legend-wrapper"
    style={
      Object {
        "bottom": 5,
        "height": "auto",
        "left": 5,
        "position": "absolute",
        "width": 690,
      }
    }
  >
    <ul
      className="recharts-default-legend"
      style={
        Object {
          "margin": 0,
          "padding": 0,
          "textAlign": "center",
        }
      }
    >
      <li
        className="recharts-legend-item legend-item-0"
        style={
          Object {
            "display": "inline-block",
            "marginRight": 10,
          }
        }
      >
        <svg
          className="recharts-surface"
          height={14}
          style={
            Object {
              "display": "inline-block",
              "marginRight": 4,
              "verticalAlign": "middle",
            }
          }
          version="1.1"
          viewBox="0 0 32 32"
          width={14}
        >
          <path
            className="recharts-legend-icon"
            d="M0,4h32v24h-32z"
            fill="#82ca9d"
            stroke="none"
          />
        </svg>
        <span
          className="recharts-legend-item-text"
        >
          value
        </span>
      </li>
    </ul>
  </div>
  <div
    className="recharts-tooltip-wrapper"
    style={
      Object {
        "MozTransform": "translate(undefinedpx, undefinedpx)",
        "OTransform": "translate(undefinedpx, undefinedpx)",
        "WebkitTransform": "translate(undefinedpx, undefinedpx)",
        "msTransform": "translate(undefinedpx, undefinedpx)",
        "pointerEvents": "none",
        "position": "absolute",
        "top": 0,
        "transform": "translate(undefinedpx, undefinedpx)",
        "visibility": "hidden",
      }
    }
  >
    <div
      className="recharts-default-tooltip"
      style={
        Object {
          "backgroundColor": "#fff",
          "border": "1px solid #ccc",
          "margin": 0,
          "padding": 10,
          "whiteSpace": "nowrap",
        }
      }
    >
      <p
        className="recharts-tooltip-label"
        style={
          Object {
            "margin": 0,
          }
        }
      >
        
      </p>
    </div>
  </div>
</div>
`;
