// Jest Snapshot v1, https://goo.gl/fbAQLP

exports[`Header Header basic render snapshoot 1`] = `
<AppBar
  position="static"
>
  <Toolbar>
    <Drawer
      onClose={[Function]}
      open={false}
    >
      <div
        onClick={[Function]}
        onKeyDown={[Function]}
        role="presentation"
      >
        <Menu />
      </div>
    </Drawer>
    <IconButton
      aria-label="menu"
      color="inherit"
      edge="start"
      onClick={[Function]}
    >
      <MenuUI />
    </IconButton>
    <Typography
      variant="h6"
    >
      Shalion !
    </Typography>
  </Toolbar>
</AppBar>
`;
