// Jest Snapshot v1, https://goo.gl/fbAQLP

exports[`Item Item basic render snapshoot 1`] = `
<div
  className="Itemstyles__ItemContainer-sc-18euzxw-0 joFNen"
>
  <div
    className="Itemstyles__IteamHeader-sc-18euzxw-1 higtFY"
  >
    <span />
    <span>
      
    </span>
  </div>
  <div
    className="Itemstyles__Date-sc-18euzxw-2 dfgxTV"
  />
</div>
`;
