// Jest Snapshot v1, https://goo.gl/fbAQLP

exports[`VerticalChart VerticalChart basic render snapshoot 1`] = `
<div
  style={
    Object {
      "height": 800,
      "width": "100%",
    }
  }
>
  <div
    className="recharts-responsive-container"
    id="undefined"
    style={
      Object {
        "height": "100%",
        "maxHeight": undefined,
        "minHeight": undefined,
        "minWidth": undefined,
        "width": "100%",
      }
    }
  >
    <div />
  </div>
</div>
`;
