// Jest Snapshot v1, https://goo.gl/fbAQLP

exports[`Menu Menu basic render snapshoot with empty list 1`] = `
.c3 {
  cursor: pointer;
  -webkit-text-decoration: none;
  text-decoration: none;
  font-family: 'Roboto',sans-serif;
}

.c0 {
  width: 100%;
  background: black;
}

.c1 {
  display: -webkit-box;
  display: -webkit-flex;
  display: -ms-flexbox;
  display: flex;
  height: 40px;
  -webkit-box-pack: space-around;
  -webkit-justify-content: space-around;
  -ms-flex-pack: space-around;
  justify-content: space-around;
}

.c2 {
  width: 100%;
  display: -webkit-box;
  display: -webkit-flex;
  display: -ms-flexbox;
  display: flex;
  -webkit-align-items: center;
  -webkit-box-align: center;
  -ms-flex-align: center;
  align-items: center;
  -webkit-box-pack: center;
  -webkit-justify-content: center;
  -ms-flex-pack: center;
  justify-content: center;
  border-bottom: 2px solid #DC3545;
  color: #FFFFFF;
}

.c4 {
  width: 100%;
  display: -webkit-box;
  display: -webkit-flex;
  display: -ms-flexbox;
  display: flex;
  -webkit-align-items: center;
  -webkit-box-align: center;
  -ms-flex-align: center;
  align-items: center;
  -webkit-box-pack: center;
  -webkit-justify-content: center;
  -ms-flex-pack: center;
  justify-content: center;
  border-bottom: 2px solid rgb(1,108,249);
  color: #FFFFFF;
}

<div
  className="c0"
>
  <div
    className="c1"
  >
    <div
      className="c2"
    >
      <a
        className="c3"
        onClick={[Function]}
        onMouseEnter={[Function]}
      >
        People
      </a>
    </div>
    <div
      className="c4"
    >
      <a
        className="c3"
        onClick={[Function]}
        onMouseEnter={[Function]}
      >
        Films
      </a>
    </div>
    <div
      className="c4"
    >
      <a
        className="c3"
        onClick={[Function]}
        onMouseEnter={[Function]}
      >
        Vehicles
      </a>
    </div>
    <div
      className="c4"
    >
      <a
        className="c3"
        onClick={[Function]}
        onMouseEnter={[Function]}
      >
        Planets
      </a>
    </div>
  </div>
</div>
`;
